******************************************************************************
                  TI ARM Linker PC v20.2.2                     
******************************************************************************
>> Linked Sat Feb 26 22:29:24 2022

OUTPUT FILE NAME:   <409lab.out>
ENTRY POINT SYMBOL: "_c_int00_noargs"  address: 00000a7d


MEMORY CONFIGURATION

         name            origin    length      used     unused   attr    fill
----------------------  --------  ---------  --------  --------  ----  --------
  MAIN                  00000000   00040000  00000b20  0003f4e0  R  X
  INFO                  00200000   00004000  00000000  00004000  R  X
  SRAM_CODE             01000000   00010000  0000020b  0000fdf5  RW X
  SRAM_DATA             20000000   00010000  0000020b  0000fdf5  RW  


SEGMENT ALLOCATION MAP

run origin  load origin   length   init length attrs members
----------  ----------- ---------- ----------- ----- -------
00000000    00000000    00000b20   00000b20    r-x
  00000000    00000000    000000e4   000000e4    r-- .intvecs
  000000e4    000000e4    00000a0c   00000a0c    r-x .text
  00000af0    00000af0    00000030   00000030    r-- .cinit
20000000    20000000    0000000d   00000000    rw-
  20000000    20000000    00000006   00000000    rw- .bss
  20000008    20000008    00000005   00000000    rw- .data
2000fe00    2000fe00    00000200   00000000    rw-
  2000fe00    2000fe00    00000200   00000000    rw- .stack


SECTION ALLOCATION MAP

 output                                  attributes/
section   page    origin      length       input sections
--------  ----  ----------  ----------   ----------------
.intvecs   0    00000000    000000e4     
                  00000000    000000e4     startup_msp432p401r_ccs.obj (.intvecs:retain)

.text      0    000000e4    00000a0c     
                  000000e4    00000334     system_msp432p401r.obj (.text)
                  00000418    00000250     main.obj (.text)
                  00000668    0000018c     clock.obj (.text)
                  000007f4    00000140     uart.obj (.text)
                  00000934    0000009c     rtsv7M4_T_le_v4SPD16_eabi.lib : memcpy_t2.asm.obj (.text)
                  000009d0    00000068                                   : copy_decompress_lzss.c.obj (.text:decompress:lzss:__TI_decompress_lzss)
                  00000a38    00000044                                   : autoinit.c.obj (.text:__TI_auto_init_nobinit_nopinit:__TI_auto_init_nobinit_nopinit)
                  00000a7c    00000034                                   : boot_cortex_m.c.obj (.text:_c_int00_noargs:_c_int00_noargs)
                  00000ab0    0000001c                                   : copy_zero_init.c.obj (.text:decompress:ZI:__TI_zero_init_nomemset:__TI_zero_init_nomemset)
                  00000acc    0000000e                                   : copy_decompress_none.c.obj (.text:decompress:none:__TI_decompress_none)
                  00000ada    0000000e     startup_msp432p401r_ccs.obj (.text)
                  00000ae8    00000004     rtsv7M4_T_le_v4SPD16_eabi.lib : pre_init.c.obj (.text:_system_pre_init)
                  00000aec    00000004                                   : exit.c.obj (.text:abort:abort)

.cinit     0    00000af0    00000030     
                  00000af0    0000000c     (__TI_handler_table)
                  00000afc    00000009     (.cinit..data.load) [load image, compression = lzss]
                  00000b05    00000003     --HOLE-- [fill = 0]
                  00000b08    00000008     (.cinit..bss.load) [load image, compression = zero_init]
                  00000b10    00000010     (__TI_cinit_table)

.init_array 
*          0    00000000    00000000     UNINITIALIZED

.binit     0    00000000    00000000     

.bss       0    20000000    00000006     UNINITIALIZED
                  20000000    00000004     (.common:distance)
                  20000004    00000002     (.common:framecycles)

.data      0    20000008    00000005     UNINITIALIZED
                  20000008    00000004     system_msp432p401r.obj (.data)
                  2000000c    00000001     main.obj (.data)

.stack     0    2000fe00    00000200     UNINITIALIZED
                  2000fe00    00000004     rtsv7M4_T_le_v4SPD16_eabi.lib : boot_cortex_m.c.obj (.stack)
                  2000fe04    000001fc     --HOLE--

__llvm_prf_cnts 
*          0    20000000    00000000     UNINITIALIZED

MODULE SUMMARY

       Module                        code   ro data   rw data
       ------                        ----   -------   -------
    .\
       system_msp432p401r.obj        820    0         8      
       main.obj                      592    0         14     
       clock.obj                     396    0         0      
       uart.obj                      320    0         0      
       startup_msp432p401r_ccs.obj   14     228       0      
    +--+-----------------------------+------+---------+---------+
       Total:                        2142   228       22     
                                                             
    C:\ti\ccs1020\ccs\tools\compiler\ti-cgt-arm_20.2.2.LTS\lib\rtsv7M4_T_le_v4SPD16_eabi.lib
       memcpy_t2.asm.obj             156    0         0      
       copy_decompress_lzss.c.obj    104    0         0      
       autoinit.c.obj                68     0         0      
       boot_cortex_m.c.obj           52     0         0      
       copy_zero_init.c.obj          28     0         0      
       copy_decompress_none.c.obj    14     0         0      
       exit.c.obj                    4      0         0      
       pre_init.c.obj                4      0         0      
    +--+-----------------------------+------+---------+---------+
       Total:                        430    0         0      
                                                             
       Stack:                        0      0         1024   
       Linker Generated:             0      45        0      
    +--+-----------------------------+------+---------+---------+
       Grand Total:                  2572   273       1046   


LINKER GENERATED COPY TABLES

__TI_cinit_table @ 00000b10 records: 2, size/record: 8, table size: 16
	.data: load addr=00000afc, load size=00000009 bytes, run addr=20000008, run size=00000005 bytes, compression=lzss
	.bss: load addr=00000b08, load size=00000008 bytes, run addr=20000000, run size=00000006 bytes, compression=zero_init


LINKER GENERATED HANDLER TABLE

__TI_handler_table @ 00000af0 records: 3, size/record: 4, table size: 12
	index: 0, handler: __TI_decompress_lzss
	index: 1, handler: __TI_decompress_none
	index: 2, handler: __TI_zero_init


GLOBAL SYMBOLS: SORTED ALPHABETICALLY BY Name 

address   name                          
-------   ----                          
00000ae7  ADC14_IRQHandler              
00000ae7  AES256_IRQHandler             
00000ae7  BusFault_Handler              
00000aed  C$$EXIT                       
00000ae7  COMP_E0_IRQHandler            
00000ae7  COMP_E1_IRQHandler            
00000ae7  CS_IRQHandler                 
00000767  DCO_tune                      
00000ae7  DMA_ERR_IRQHandler            
00000ae7  DMA_INT0_IRQHandler           
00000ae7  DMA_INT1_IRQHandler           
00000ae7  DMA_INT2_IRQHandler           
00000ae7  DMA_INT3_IRQHandler           
00000ae7  DebugMon_Handler              
00000ae7  Default_Handler               
00000ae7  EUSCIA0_IRQHandler            
00000ae7  EUSCIA1_IRQHandler            
00000ae7  EUSCIA2_IRQHandler            
00000ae7  EUSCIA3_IRQHandler            
00000ae7  EUSCIB0_IRQHandler            
00000ae7  EUSCIB1_IRQHandler            
00000ae7  EUSCIB2_IRQHandler            
00000ae7  EUSCIB3_IRQHandler            
00000ae7  FLCTL_IRQHandler              
00000ae7  FPU_IRQHandler                
00000669  HIGH_FREQ_CLOCK               
00000ae7  HardFault_Handler             
00000787  MCLK_PIN_INIT                 
00000ae7  MemManage_Handler             
00000ae7  NMI_Handler                   
00000ae7  PCM_IRQHandler                
00000ae7  PORT1_IRQHandler              
00000ae7  PORT2_IRQHandler              
00000551  PORT3_IRQHandler              
00000551  PORT3_IRQHandler              
00000ae7  PORT4_IRQHandler              
00000ae7  PORT5_IRQHandler              
00000ae7  PORT6_IRQHandler              
00000ae7  PSS_IRQHandler                
00000ae7  PendSV_Handler                
00000ae7  RTC_C_IRQHandler              
00000adb  Reset_Handler                 
00000ae7  SVC_Handler                   
00000ae7  SysTick_Handler               
20000008  SystemCoreClock               
000000e5  SystemCoreClockUpdate         
0000035d  SystemInit                    
00000ae7  T32_INT1_IRQHandler           
00000ae7  T32_INT2_IRQHandler           
00000ae7  T32_INTC_IRQHandler           
00000573  TA0_0_IRQHandler              
00000573  TA0_0_IRQHandler              
00000ae7  TA0_N_IRQHandler              
0000058f  TA1_0_IRQHandler              
0000058f  TA1_0_IRQHandler              
00000ae7  TA1_N_IRQHandler              
00000ae7  TA2_0_IRQHandler              
00000ae7  TA2_N_IRQHandler              
00000ae7  TA3_0_IRQHandler              
00000ae7  TA3_N_IRQHandler              
00000825  UART_esc_code                 
00000877  UART_init                     
000007f5  UART_print_string             
0000085b  UART_send_data                
00000ae7  UsageFault_Handler            
4000480c  WDTCTL_SYM                    
00000ae7  WDT_A_IRQHandler              
20010000  __STACK_END                   
00000200  __STACK_SIZE                  
00000b10  __TI_CINIT_Base               
00000b20  __TI_CINIT_Limit              
00000af0  __TI_Handler_Table_Base       
00000afc  __TI_Handler_Table_Limit      
00000a39  __TI_auto_init_nobinit_nopinit
000009d1  __TI_decompress_lzss          
00000acd  __TI_decompress_none          
ffffffff  __TI_pprof_out_hndl           
ffffffff  __TI_prof_data_size           
ffffffff  __TI_prof_data_start          
00000000  __TI_static_base__            
00000ab1  __TI_zero_init_nomemset       
00000935  __aeabi_memcpy                
00000935  __aeabi_memcpy4               
00000935  __aeabi_memcpy8               
ffffffff  __binit__                     
ffffffff  __c_args__                    
UNDEFED   __mpu_init                    
2000fe00  __stack                       
20000000  __start___llvm_prf_cnts       
20000000  __stop___llvm_prf_cnts        
00000a7d  _c_int00_noargs               
UNDEFED   _system_post_cinit            
00000ae9  _system_pre_init              
00000aed  abort                         
ffffffff  binit                         
20000000  distance                      
20000004  framecycles                   
00000000  interruptVectors              
00000419  main                          
00000935  memcpy                        
000004ef  pin_init                      
2000000c  received                      
000006f1  set_DCO                       
000005ad  timer_init                    
00000481  util_uart_print_distance      


GLOBAL SYMBOLS: SORTED BY Symbol Address 

address   name                          
-------   ----                          
00000000  __TI_static_base__            
00000000  interruptVectors              
000000e5  SystemCoreClockUpdate         
00000200  __STACK_SIZE                  
0000035d  SystemInit                    
00000419  main                          
00000481  util_uart_print_distance      
000004ef  pin_init                      
00000551  PORT3_IRQHandler              
00000551  PORT3_IRQHandler              
00000573  TA0_0_IRQHandler              
00000573  TA0_0_IRQHandler              
0000058f  TA1_0_IRQHandler              
0000058f  TA1_0_IRQHandler              
000005ad  timer_init                    
00000669  HIGH_FREQ_CLOCK               
000006f1  set_DCO                       
00000767  DCO_tune                      
00000787  MCLK_PIN_INIT                 
000007f5  UART_print_string             
00000825  UART_esc_code                 
0000085b  UART_send_data                
00000877  UART_init                     
00000935  __aeabi_memcpy                
00000935  __aeabi_memcpy4               
00000935  __aeabi_memcpy8               
00000935  memcpy                        
000009d1  __TI_decompress_lzss          
00000a39  __TI_auto_init_nobinit_nopinit
00000a7d  _c_int00_noargs               
00000ab1  __TI_zero_init_nomemset       
00000acd  __TI_decompress_none          
00000adb  Reset_Handler                 
00000ae7  ADC14_IRQHandler              
00000ae7  AES256_IRQHandler             
00000ae7  BusFault_Handler              
00000ae7  COMP_E0_IRQHandler            
00000ae7  COMP_E1_IRQHandler            
00000ae7  CS_IRQHandler                 
00000ae7  DMA_ERR_IRQHandler            
00000ae7  DMA_INT0_IRQHandler           
00000ae7  DMA_INT1_IRQHandler           
00000ae7  DMA_INT2_IRQHandler           
00000ae7  DMA_INT3_IRQHandler           
00000ae7  DebugMon_Handler              
00000ae7  Default_Handler               
00000ae7  EUSCIA0_IRQHandler            
00000ae7  EUSCIA1_IRQHandler            
00000ae7  EUSCIA2_IRQHandler            
00000ae7  EUSCIA3_IRQHandler            
00000ae7  EUSCIB0_IRQHandler            
00000ae7  EUSCIB1_IRQHandler            
00000ae7  EUSCIB2_IRQHandler            
00000ae7  EUSCIB3_IRQHandler            
00000ae7  FLCTL_IRQHandler              
00000ae7  FPU_IRQHandler                
00000ae7  HardFault_Handler             
00000ae7  MemManage_Handler             
00000ae7  NMI_Handler                   
00000ae7  PCM_IRQHandler                
00000ae7  PORT1_IRQHandler              
00000ae7  PORT2_IRQHandler              
00000ae7  PORT4_IRQHandler              
00000ae7  PORT5_IRQHandler              
00000ae7  PORT6_IRQHandler              
00000ae7  PSS_IRQHandler                
00000ae7  PendSV_Handler                
00000ae7  RTC_C_IRQHandler              
00000ae7  SVC_Handler                   
00000ae7  SysTick_Handler               
00000ae7  T32_INT1_IRQHandler           
00000ae7  T32_INT2_IRQHandler           
00000ae7  T32_INTC_IRQHandler           
00000ae7  TA0_N_IRQHandler              
00000ae7  TA1_N_IRQHandler              
00000ae7  TA2_0_IRQHandler              
00000ae7  TA2_N_IRQHandler              
00000ae7  TA3_0_IRQHandler              
00000ae7  TA3_N_IRQHandler              
00000ae7  UsageFault_Handler            
00000ae7  WDT_A_IRQHandler              
00000ae9  _system_pre_init              
00000aed  C$$EXIT                       
00000aed  abort                         
00000af0  __TI_Handler_Table_Base       
00000afc  __TI_Handler_Table_Limit      
00000b10  __TI_CINIT_Base               
00000b20  __TI_CINIT_Limit              
20000000  __start___llvm_prf_cnts       
20000000  __stop___llvm_prf_cnts        
20000000  distance                      
20000004  framecycles                   
20000008  SystemCoreClock               
2000000c  received                      
2000fe00  __stack                       
20010000  __STACK_END                   
4000480c  WDTCTL_SYM                    
ffffffff  __TI_pprof_out_hndl           
ffffffff  __TI_prof_data_size           
ffffffff  __TI_prof_data_start          
ffffffff  __binit__                     
ffffffff  __c_args__                    
ffffffff  binit                         
UNDEFED   __mpu_init                    
UNDEFED   _system_post_cinit            

[105 symbols]
